
> @prc/schema-seo@1.6.0 build
> wp-scripts build --source-path=src/block-editor/ --output-path=build/block-editor/ && node ./scripts/prepend-block-editor-pragma.cjs && wp-scripts build --source-path=src/site-editor/ --output-path=build/site-editor/ && wp-scripts build --source-path=src/admin-surfaces/redirect-csv-import/ --output-path=build/admin-surfaces/redirect-csv-import/ && wp-scripts build --source-path=src/admin-dataview/ --output-path=build/admin-dataview/

Browserslist: browsers data (caniuse-lite) is 6 months old. Please run:
  npx update-browserslist-db@latest
  Why you should do it regularly: https://github.com/browserslist/update-db#readme
assets by path [1m[32m*.css[39m[22m 11.7 KiB
  asset [1m[32mindex-rtl.css[39m[22m 5.86 KiB [1m[32m[emitted][39m[22m (name: index)
  asset [1m[32mindex.css[39m[22m 5.86 KiB [1m[32m[emitted][39m[22m (name: index)
asset [1m[32mindex.js[39m[22m 51.3 KiB [1m[32m[emitted][39m[22m [1m[32m[minimized][39m[22m (name: index)
asset [1m[32mindex.asset.php[39m[22m 372 bytes [1m[32m[emitted][39m[22m (name: index)
Entrypoint [1mindex[39m[22m 63.4 KiB = [1m[32mindex.css[39m[22m 5.86 KiB [1m[32mindex.js[39m[22m 51.3 KiB [1m[32mindex-rtl.css[39m[22m 5.86 KiB [1m[32mindex.asset.php[39m[22m 372 bytes
orphan modules 304 KiB (javascript) 937 bytes (runtime) [1m[33m[orphan][39m[22m 362 modules
runtime modules 663 bytes 3 modules
built modules 148 KiB (javascript) 5.86 KiB (css/mini-extract) [1m[33m[built][39m[22m
  modules by path [1m../../node_modules/[39m[22m 76 KiB
    modules by path [1m../../node_modules/qrcode/lib/core/*.js[39m[22m 62.6 KiB 22 modules
    modules by path [1m../../node_modules/qrcode/lib/renderer/*.js[39m[22m 6.22 KiB 3 modules
    modules by path [1m../../node_modules/qrcode/lib/*.js[39m[22m 2.11 KiB 2 modules
    + 1 module
  modules by path [1m./src/block-editor/[39m[22m 71.3 KiB (javascript) 5.86 KiB (css/mini-extract)
    [1m./src/block-editor/index.js + 32 modules[39m[22m 68.1 KiB [1m[31m[not cacheable][39m[22m [1m[33m[built][39m[22m [1m[33m[code generated][39m[22m
    css ../../node_modules/css-loader/dist/cjs.js??ruleSet[1].rules[1].use[1]!../../node_modules/postcss-loader/dist/cjs.js??ruleSet[1].rules[1].use[2]![1m./src/block-editor/previews.css[39m[22m 5.86 KiB [1m[33m[built][39m[22m [1m[33m[code generated][39m[22m
    [1m./src/block-editor/panel/ai-suggest-seo.jsx[39m[22m 3.23 KiB [1m[33m[built][39m[22m [1m[33m[code generated][39m[22m
  + 6 modules
webpack 5.106.2 compiled [1m[32msuccessfully[39m[22m in 1545 ms
Browserslist: browsers data (caniuse-lite) is 6 months old. Please run:
  npx update-browserslist-db@latest
  Why you should do it regularly: https://github.com/browserslist/update-db#readme
asset [1m[32mindex.js[39m[22m 19.5 KiB [1m[32m[emitted][39m[22m [1m[32m[minimized][39m[22m (name: index)
asset [1m[32mindex.asset.php[39m[22m 281 bytes [1m[32m[emitted][39m[22m (name: index)
Entrypoint [1mindex[39m[22m 19.8 KiB = [1m[32mindex.js[39m[22m 19.5 KiB [1m[32mindex.asset.php[39m[22m 281 bytes
orphan modules 273 KiB [1m[33m[orphan][39m[22m 349 modules
runtime modules 663 bytes 3 modules
[1m./src/site-editor/index.js + 27 modules[39m[22m 44.9 KiB [1m[31m[not cacheable][39m[22m [1m[33m[built][39m[22m [1m[33m[code generated][39m[22m
webpack 5.106.2 compiled [1m[32msuccessfully[39m[22m in 1113 ms
Browserslist: browsers data (caniuse-lite) is 6 months old. Please run:
  npx update-browserslist-db@latest
  Why you should do it regularly: https://github.com/browserslist/update-db#readme
asset [1m[32mindex.js[39m[22m 1.86 KiB [1m[32m[emitted][39m[22m [1m[32m[minimized][39m[22m (name: index)
asset [1m[32mindex.asset.php[39m[22m 84 bytes [1m[32m[emitted][39m[22m (name: index)
Entrypoint [1mindex[39m[22m 1.94 KiB = [1m[32mindex.js[39m[22m 1.86 KiB [1m[32mindex.asset.php[39m[22m 84 bytes
[1m./src/admin-surfaces/redirect-csv-import/index.js[39m[22m 3.93 KiB [1m[33m[built][39m[22m [1m[33m[code generated][39m[22m
webpack 5.106.2 compiled [1m[32msuccessfully[39m[22m in 350 ms
Browserslist: browsers data (caniuse-lite) is 6 months old. Please run:
  npx update-browserslist-db@latest
  Why you should do it regularly: https://github.com/browserslist/update-db#readme
asset [1m[32mindex.js[39m[22m 2.07 KiB [1m[32m[emitted][39m[22m [1m[32m[minimized][39m[22m (name: index)
asset [1m[32mindex.asset.php[39m[22m 105 bytes [1m[32m[emitted][39m[22m (name: index)
Entrypoint [1mindex[39m[22m 2.17 KiB = [1m[32mindex.js[39m[22m 2.07 KiB [1m[32mindex.asset.php[39m[22m 105 bytes
orphan modules 84 bytes [1m[33m[orphan][39m[22m 2 modules
[1m./src/admin-dataview/index.js + 2 modules[39m[22m 3.15 KiB [1m[31m[not cacheable][39m[22m [1m[33m[built][39m[22m [1m[33m[code generated][39m[22m
webpack 5.106.2 compiled [1m[32msuccessfully[39m[22m in 616 ms
